[axium.solutions/index.html]
[backblue.gif]
[fade.gif]
[index.html]
[axium.solutions/wp-includes/css/dist/block-library/style.min6a4d.css]
[axium.solutions/wp-includes/css/classic-themes.min68b3.css]
[www.googletagmanager.com/index.html]
[axium.solutions/comments/feed/index.html]
[axium.solutions/feed/index.html]
[axium.solutions/wp-content/plugins/contact-form-7/includes/css/styles9f31.css]
[axium.solutions/wp-content/plugins/elementor/assets/lib/eicons/css/elementor-icons.min91ce.css]
[axium.solutions/wp-content/plugins/elementor/assets/css/frontend-lite.min2e46.css]
[axium.solutions/wp-content/uploads/elementor/css/post-507eb.css]
[axium.solutions/wp-content/uploads/elementor/css/global1ff3.css]
[axium.solutions/wp-content/uploads/elementor/css/post-2274ca37.css]
[axium.solutions/wp-content/uploads/elementor/css/post-2338764f.css]
[axium.solutions/wp-content/uploads/elementor/css/post-2347fb60.css]
[axium.solutions/wp-content/themes/royal-elementor-kit/style5152.css]
[axium.solutions/wp-content/plugins/royal-elementor-addons/assets/css/lib/animations/text-animations.min2acc.css]
[axium.solutions/wp-content/plugins/royal-elementor-addons/assets/css/frontend.min2acc.css]
[axium.solutions/wp-content/plugins/elementor/assets/lib/font-awesome/css/all.min2acc.css]
[axium.solutions/wp-content/plugins/elementor/assets/lib/font-awesome/css/fontawesome.min52d5.css]
[axium.solutions/wp-content/plugins/elementor/assets/lib/font-awesome/css/solid.min52d5.css]
[axium.solutions/wp-includes/js/jquery/jquery.mina7a0.js]
[axium.solutions/wp-includes/js/jquery/jquery-migrate.mind617.js]
[axium.solutions/wp-json/wp/v2/pages/2274.json]
[axium.solutions/wp-json/index.html]
[axium.solutions/xmlrpc0db0.php]
[axium.solutions/wp-includes/wlwmanifest.xml]
[axium.solutions/wp-json/oembed/1.0/embed812b.json]
[axium.solutions/wp-json/oembed/1.0/embedbaae]
[axium.solutions/wp-content/uploads/2021/12/cropped-cropped-logo-no-background-1-32x32.png]
[axium.solutions/wp-content/uploads/2021/12/cropped-cropped-logo-no-background-1-192x192.png]
[axium.solutions/wp-content/uploads/2021/12/cropped-cropped-logo-no-background-1-180x180.png]
[axium.solutions/wp-content/uploads/2021/12/logo-white-removebg-preview-1.png]
[axium.solutions/wp-content/uploads/elementor/thumbs/slack-logo-q1s5m035cwc2ho7pv3pr4fg8iglifmmj43ph3htlog.webp]
[axium.solutions/our-testing-philosophy/index.html]
[axium.solutions/wp-content/uploads/elementor/thumbs/Airtable_Logo-q1s6mg9udm8cpb9p0uwxt8bpscxwx3btgifb1rs0e8.webp]
[axium.solutions/contact/index.html]
[axium.solutions/services/index.html]
[axium.solutions/about/index.html]
[axium.solutions/wp-content/uploads/elementor/thumbs/Box-Logo-q1s5m035cwc2ho7pv3pr4fg8iglifmmj43ph3htlog.webp]
[axium.solutions/wp-content/uploads/2021/10/vector-11-e1634022754414.png]
[axium.solutions/wp-content/uploads/2021/10/vector-13-e1634022773641.png]
[axium.solutions/wp-content/uploads/2021/10/icon-2.png]
[axium.solutions/wp-content/uploads/2021/10/icon-4.png]
[axium.solutions/wp-content/uploads/2021/10/icon-5.png]
[axium.solutions/wp-content/uploads/2021/10/icon-7.png]
[axium.solutions/wp-content/uploads/2021/12/logo-no-background-1.png]
[axium.solutions/wp-content/plugins/wp-content-copy-protector/images/warning.png]
[axium.solutions/wp-content/plugins/royal-elementor-addons/assets/css/lib/animations/wpr-link-animations.min2acc.css]
[axium.solutions/wp-content/plugins/royal-elementor-addons/assets/css/lib/animations/button-animations.min2acc.css]
[axium.solutions/wp-content/plugins/royal-elementor-addons/assets/css/lib/animations/wpr-animations.min2acc.css]
[axium.solutions/wp-content/plugins/royal-elementor-addons/assets/css/lib/animations/loading-animations.min2acc.css]
[axium.solutions/wp-content/plugins/royal-elementor-addons/assets/css/lib/aos/aos.min6a4d.css]
[axium.solutions/wp-content/plugins/elementor/assets/lib/animations/animations.min2e46.css]
[axium.solutions/wp-content/plugins/contact-form-7/includes/swv/js/index9f31.js]
[axium.solutions/wp-content/plugins/contact-form-7/includes/js/index9f31.js]
[axium.solutions/wp-content/plugins/royal-elementor-addons/assets/js/lib/particles/particles7c45.js]
[axium.solutions/wp-content/plugins/royal-elementor-addons/assets/js/lib/jarallax/jarallax.minf184.js]
[axium.solutions/wp-content/plugins/royal-elementor-addons/assets/js/lib/parallax/parallax.min5152.js]
[axium.solutions/wp-content/plugins/wp-smushit/app/assets/js/smush-lazy-load.min0567.js]
[axium.solutions/wp-content/plugins/royal-elementor-addons/assets/js/lib/aos/aos.min.js]
[axium.solutions/wp-content/plugins/royal-elementor-addons/assets/js/lib/infinite-scroll/infinite-scroll.min8d18.js]
[axium.solutions/wp-content/plugins/royal-elementor-addons/assets/js/lib/perfect-scrollbar/perfect-scrollbar.min70b1.js]
[axium.solutions/wp-content/plugins/royal-elementor-addons/assets/js/frontend.min2acc.js]
[axium.solutions/wp-content/plugins/royal-elementor-addons/assets/js/modal-popups.min2acc.js]
[axium.solutions/wp-content/plugins/elementor/assets/js/webpack.runtime.min2e46.js]
[axium.solutions/wp-content/plugins/elementor/assets/js/frontend-modules.min2e46.js]
[axium.solutions/wp-content/plugins/elementor/assets/lib/waypoints/waypoints.min05da.js]
[axium.solutions/wp-includes/js/jquery/ui/core.min3f14.js]
[axium.solutions/wp-content/plugins/elementor/assets/js/frontend.min2e46.js]
[axium.solutions/index.html]
[www.googletagmanager.com/index.html]
[fonts.googleapis.com/css161a.css]
[fonts.gstatic.com/index.html]
[axium.solutions/wp-content/uploads/elementor/css/post-1331865f.css]
[axium.solutions/wp-json/wp/v2/pages/1331.json]
[axium.solutions/wp-json/oembed/1.0/embedde74.json]
[axium.solutions/wp-json/oembed/1.0/embeddf02]
[axium.solutions/wp-content/uploads/2023/01/testing-philosophy.png]
[axium.solutions/our-testing-philosophy/index.html]
[axium.solutions/wp-content/uploads/elementor/css/post-28336ac9.css]
[axium.solutions/wp-json/wp/v2/pages/2833.json]
[axium.solutions/wp-json/oembed/1.0/embed5b47.json]
[axium.solutions/wp-json/oembed/1.0/embed1e12]
[axium.solutions/services/index.html]
[axium.solutions/wp-content/uploads/elementor/css/post-3377d1fb.css]
[axium.solutions/wp-json/wp/v2/pages/3377.json]
[axium.solutions/wp-json/oembed/1.0/embed6d52.json]
[axium.solutions/wp-json/oembed/1.0/embeda7d3]
[axium.solutions/about/index.html]
[axium.solutions/wp-content/uploads/elementor/css/post-1377c184.css]
[axium.solutions/wp-json/wp/v2/pages/1377.json]
[axium.solutions/wp-json/oembed/1.0/embed3fbe.json]
[axium.solutions/wp-json/oembed/1.0/embeda633]
[axium.solutions/wp-content/plugins/elementor/assets/css/widget-icon-box.min.css]
[axium.solutions/contact/index.html]
[axium.solutions/our-testing-philosophy/location.html]
[axium.solutions/our-testing-philosophy/t.html]
[axium.solutions/our-testing-philosophy/Silk.html]
[axium.solutions/index4ac2.html]
[axium.solutions/our-testing-philosophy/index5593.html]
[axium.solutions/services/location.html]
[axium.solutions/services/t.html]
[axium.solutions/services/Silk.html]
[axium.solutions/index7994.html]
[axium.solutions/services/index5593.html]
[axium.solutions/index7589.html]
[axium.solutions/contact/location.html]
[axium.solutions/contact/t.html]
[axium.solutions/contact/Silk.html]
[fonts.googleapis.com/cssf8fc.css]
[axium.solutions/index91ff.html]
[axium.solutions/our-testing-philosophy/index1407.html]
[axium.solutions/services/index1407.html]
[axium.solutions/contact/index5593.html]
[axium.solutions/our-testing-philosophy/index1407.html]
[axium.solutions/services/index1407.html]
[axium.solutions/contact/index1407.html]
[axium.solutions/contact/index1407.html]
[axium.solutions/wp-json/index.html]
[axium.solutions/wp-json/wp/v2/pages/2274.json]
[axium.solutions/wp-includes/css/dist/block-library/style.min6a4d.css]
[axium.solutions/wp-includes/css/classic-themes.min68b3.css]
[axium.solutions/wp-content/plugins/contact-form-7/includes/css/styles9f31.css]
[axium.solutions/wp-json/oembed/1.0/embed812b.json]
[axium.solutions/wp-content/plugins/elementor/assets/lib/eicons/fonts/eicons1075.eot]
[axium.solutions/wp-json/oembed/1.0/embedde74.json]
[axium.solutions/wp-content/plugins/elementor/assets/lib/eicons/fonts/eicons1075.woff2]
[axium.solutions/wp-json/wp/v2/pages/1331.json]
[axium.solutions/wp-json/wp/v2/pages/2833.json]
[axium.solutions/wp-content/plugins/elementor/assets/lib/eicons/fonts/eicons1075.woff]
[axium.solutions/wp-json/oembed/1.0/embed5b47.json]
[axium.solutions/wp-json/oembed/1.0/embed6d52.json]
[axium.solutions/wp-json/wp/v2/pages/3377.json]
[axium.solutions/wp-content/plugins/elementor/assets/lib/eicons/fonts/eicons1075.ttf]
[axium.solutions/wp-json/oembed/1.0/embed3fbe.json]
[axium.solutions/wp-json/wp/v2/pages/1377.json]
[axium.solutions/wp-content/plugins/elementor/assets/lib/eicons/css/elementor-icons.min91ce.css]
[axium.solutions/wp-content/plugins/elementor/assets/css/frontend-lite.min2e46.css]
[axium.solutions/wp-content/uploads/elementor/css/post-507eb.css]
[axium.solutions/wp-content/uploads/elementor/css/global1ff3.css]
[axium.solutions/wp-content/uploads/2021/10/background-1.png]
[axium.solutions/wp-content/uploads/2021/12/particles.png]
[axium.solutions/wp-content/uploads/2021/10/background-4.png]
[axium.solutions/wp-content/uploads/elementor/css/post-2274ca37.css]
[axium.solutions/wp-content/uploads/elementor/css/post-2338764f.css]
[axium.solutions/wp-content/uploads/elementor/css/post-2347fb60.css]
[axium.solutions/wp-content/themes/royal-elementor-kit/style5152.css]
[axium.solutions/wp-content/plugins/royal-elementor-addons/assets/css/lib/animations/text-animations.min2acc.css]
[axium.solutions/wp-content/plugins/royal-elementor-addons/assets/css/frontend.min2acc.css]
[axium.solutions/wp-content/plugins/elementor/assets/lib/font-awesome/webfonts/fa-brands-400.eot]
[axium.solutions/wp-content/plugins/elementor/assets/lib/font-awesome/webfonts/fa-brands-400d41d.eot]
[axium.solutions/wp-content/plugins/elementor/assets/lib/font-awesome/webfonts/fa-brands-400.woff2]
[axium.solutions/wp-content/plugins/elementor/assets/lib/font-awesome/webfonts/fa-brands-400.woff]
[axium.solutions/wp-content/plugins/elementor/assets/lib/font-awesome/webfonts/fa-brands-400.ttf]
[axium.solutions/wp-content/plugins/elementor/assets/lib/font-awesome/webfonts/fa-regular-400.eot]
[axium.solutions/wp-content/plugins/elementor/assets/lib/font-awesome/webfonts/fa-regular-400d41d.eot]
[axium.solutions/wp-content/plugins/elementor/assets/lib/font-awesome/webfonts/fa-regular-400.woff2]
[axium.solutions/wp-content/plugins/elementor/assets/lib/font-awesome/webfonts/fa-regular-400.woff]
[axium.solutions/wp-content/plugins/elementor/assets/lib/font-awesome/webfonts/fa-regular-400.ttf]
[axium.solutions/wp-content/plugins/elementor/assets/lib/font-awesome/webfonts/fa-solid-900.eot]
[axium.solutions/wp-content/plugins/elementor/assets/lib/font-awesome/webfonts/fa-solid-900d41d.eot]
[axium.solutions/wp-content/plugins/elementor/assets/lib/font-awesome/webfonts/fa-solid-900.woff2]
[axium.solutions/wp-content/plugins/elementor/assets/lib/font-awesome/webfonts/fa-solid-900.woff]
[axium.solutions/wp-content/plugins/elementor/assets/lib/font-awesome/webfonts/fa-solid-900.ttf]
[axium.solutions/wp-content/plugins/elementor/assets/lib/font-awesome/css/all.min2acc.css]
[axium.solutions/wp-content/plugins/elementor/assets/lib/font-awesome/css/fontawesome.min52d5.css]
[axium.solutions/wp-content/plugins/elementor/assets/lib/font-awesome/css/solid.min52d5.css]
[axium.solutions/xmlrpc0db0.php]
[axium.solutions/wp-content/uploads/elementor/css/post-34405965.css]
[axium.solutions/xmlrpc5b94.php]
[axium.solutions/wp-json/oembed/1.0/embedbaae]
[axium.solutions/our-testing-philosophy/index.html]
[axium.solutions/wp-content/plugins/royal-elementor-addons/assets/css/lib/animations/wpr-link-animations.min2acc.css]
[axium.solutions/wp-content/plugins/royal-elementor-addons/assets/css/lib/animations/button-animations.min2acc.css]
[axium.solutions/wp-content/plugins/royal-elementor-addons/assets/css/lib/animations/wpr-animations.min2acc.css]
[axium.solutions/wp-content/plugins/royal-elementor-addons/assets/css/lib/animations/loading-animations.min2acc.css]
[axium.solutions/wp-content/plugins/royal-elementor-addons/assets/css/lib/aos/aos.min6a4d.css]
[axium.solutions/wp-content/plugins/elementor/assets/lib/animations/animations.min2e46.css]
[axium.solutions/wp-content/uploads/elementor/css/post-1331865f.css]
[axium.solutions/wp-content/uploads/2021/10/background-3.png]
[axium.solutions/index4ac2.html]
[axium.solutions/wp-json/oembed/1.0/embeddf02]
[axium.solutions/services/location.html]
[axium.solutions/wp-content/uploads/elementor/css/post-28336ac9.css]
[axium.solutions/index7994.html]
[axium.solutions/wp-json/oembed/1.0/embed1e12]
[axium.solutions/wp-content/uploads/elementor/css/post-3377d1fb.css]
[axium.solutions/index7589.html]
[axium.solutions/wp-json/oembed/1.0/embeda7d3]
[axium.solutions/wp-content/uploads/elementor/css/post-1377c184.css]
[axium.solutions/index91ff.html]
[axium.solutions/contact/index5593.html]
[axium.solutions/wp-content/plugins/elementor/assets/css/widget-icon-box.min.css]
[axium.solutions/wp-content/plugins/elementor/assets/lib/eicons/fonts/eicons1075.svg]
[axium.solutions/wp-content/plugins/elementor/assets/lib/font-awesome/webfonts/fa-brands-400.svg]
[axium.solutions/wp-content/plugins/elementor/assets/lib/font-awesome/webfonts/fa-regular-400.svg]
[axium.solutions/wp-content/plugins/elementor/assets/lib/font-awesome/webfonts/fa-solid-900.svg]
[axium.solutions/wp-json/oembed/1.0/location.json]
[axium.solutions/wp-json/oembed/1.0/t.json]
[axium.solutions/wp-json/oembed/1.0/Silk.json]
[axium.solutions/wp-content/uploads/elementor/css/post-34405965.css]
